// Jest Snapshot v1, https://goo.gl/fbAQLP

exports[`Content Content component should render doc content 1`] = `
<p>
  lorem ipsum
</p>
`;
