// Jest Snapshot v1, https://goo.gl/fbAQLP

exports[`withDocs withDocs should add \`docs\` property to getInitialProps 1`] = `
Array [
  Object {
    "content": "",
    "data": Object {},
  },
]
`;
